// Jest Snapshot v1, https://goo.gl/fbAQLP

exports[`Group Name Home renders correctly 1`] = `null`;
