// Jest Snapshot v1, https://goo.gl/fbAQLP

exports[`Group Name Login renders correctly 1`] = `null`;
