// Jest Snapshot v1, https://goo.gl/fbAQLP

exports[`Group Name Register renders correctly 1`] = `null`;
